// Jest Snapshot v1, https://goo.gl/fbAQLP

exports[`AboutUs component should match the snapshot 1`] = `
<div
  id="about-us"
>
  О проекте
</div>
`;
